// Jest Snapshot v1, https://goo.gl/fbAQLP

exports[`SaladMaker should match snapshot 1`] = `
ShallowWrapper {
  Symbol(enzyme.__root__): [Circular],
  Symbol(enzyme.__unrendered__): <SaladMaker />,
  Symbol(enzyme.__renderer__): Object {
    "batchedUpdates": [Function],
    "getNode": [Function],
    "render": [Function],
    "simulateError": [Function],
    "simulateEvent": [Function],
    "unmount": [Function],
  },
  Symbol(enzyme.__node__): Object {
    "instance": null,
    "key": undefined,
    "nodeType": "host",
    "props": Object {
      "children": Array [
        <h1>
          SaladMaker
        </h1>,
        <IngredientsHandler
          ingredientAdd={[Function]}
          ingredientRemove={[Function]}
        />,
        <button
          onClick={[Function]}
        >
          Next step
        </button>,
        <Salad
          ingredients={Array []}
        />,
      ],
      "className": "salad-maker",
    },
    "ref": null,
    "rendered": Array [
      Object {
        "instance": null,
        "key": undefined,
        "nodeType": "host",
        "props": Object {
          "children": "SaladMaker",
        },
        "ref": null,
        "rendered": "SaladMaker",
        "type": "h1",
      },
      Object {
        "instance": null,
        "key": undefined,
        "nodeType": "function",
        "props": Object {
          "ingredientAdd": [Function],
          "ingredientRemove": [Function],
        },
        "ref": null,
        "rendered": null,
        "type": [Function],
      },
      Object {
        "instance": null,
        "key": undefined,
        "nodeType": "host",
        "props": Object {
          "children": "Next step",
          "onClick": [Function],
        },
        "ref": null,
        "rendered": "Next step",
        "type": "button",
      },
      Object {
        "instance": null,
        "key": undefined,
        "nodeType": "function",
        "props": Object {
          "ingredients": Array [],
        },
        "ref": null,
        "rendered": null,
        "type": [Function],
      },
    ],
    "type": "div",
  },
  Symbol(enzyme.__nodes__): Array [
    Object {
      "instance": null,
      "key": undefined,
      "nodeType": "host",
      "props": Object {
        "children": Array [
          <h1>
            SaladMaker
          </h1>,
          <IngredientsHandler
            ingredientAdd={[Function]}
            ingredientRemove={[Function]}
          />,
          <button
            onClick={[Function]}
          >
            Next step
          </button>,
          <Salad
            ingredients={Array []}
          />,
        ],
        "className": "salad-maker",
      },
      "ref": null,
      "rendered": Array [
        Object {
          "instance": null,
          "key": undefined,
          "nodeType": "host",
          "props": Object {
            "children": "SaladMaker",
          },
          "ref": null,
          "rendered": "SaladMaker",
          "type": "h1",
        },
        Object {
          "instance": null,
          "key": undefined,
          "nodeType": "function",
          "props": Object {
            "ingredientAdd": [Function],
            "ingredientRemove": [Function],
          },
          "ref": null,
          "rendered": null,
          "type": [Function],
        },
        Object {
          "instance": null,
          "key": undefined,
          "nodeType": "host",
          "props": Object {
            "children": "Next step",
            "onClick": [Function],
          },
          "ref": null,
          "rendered": "Next step",
          "type": "button",
        },
        Object {
          "instance": null,
          "key": undefined,
          "nodeType": "function",
          "props": Object {
            "ingredients": Array [],
          },
          "ref": null,
          "rendered": null,
          "type": [Function],
        },
      ],
      "type": "div",
    },
  ],
  Symbol(enzyme.__options__): Object {
    "adapter": ReactSixteenAdapter {
      "options": Object {
        "enableComponentDidUpdateOnSetState": true,
        "lifecycles": Object {
          "componentDidUpdate": Object {
            "onSetState": true,
          },
          "getDerivedStateFromProps": true,
          "getSnapshotBeforeUpdate": true,
          "setState": Object {
            "skipsComponentDidUpdateOnNullish": true,
          },
        },
      },
    },
  },
}
`;
